Archive member included because of file (symbol)

c:/winavr-20090313/bin/../lib/gcc/avr/4.3.2\libgcc.a(_exit.o)
                              c:/winavr-20090313/bin/../lib/gcc/avr/4.3.2/../../../../avr/lib/crts2313.o (exit)
c:/winavr-20090313/bin/../lib/gcc/avr/4.3.2\libgcc.a(_copy_data.o)
                              timer_clock.o (__do_copy_data)
c:/winavr-20090313/bin/../lib/gcc/avr/4.3.2\libgcc.a(_clear_bss.o)
                              timer_clock.o (__do_clear_bss)

Memory Configuration

Name             Origin             Length             Attributes
text             0x00000000         0x00002000         xr
data             0x00800060         0x0000ffa0         rw !x
eeprom           0x00810000         0x00010000         rw !x
fuse             0x00820000         0x00000400         rw !x
lock             0x00830000         0x00000400         rw !x
signature        0x00840000         0x00000400         rw !x
*default*        0x00000000         0xffffffff

Linker script and memory map

LOAD c:/winavr-20090313/bin/../lib/gcc/avr/4.3.2/../../../../avr/lib/crts2313.o
LOAD timer_clock.o
LOAD c:/winavr-20090313/bin/../lib/gcc/avr/4.3.2/../../../../avr/lib\libm.a
LOAD c:/winavr-20090313/bin/../lib/gcc/avr/4.3.2\libgcc.a
LOAD c:/winavr-20090313/bin/../lib/gcc/avr/4.3.2/../../../../avr/lib\libc.a
LOAD c:/winavr-20090313/bin/../lib/gcc/avr/4.3.2\libgcc.a

.hash
 *(.hash)

.dynsym
 *(.dynsym)

.dynstr
 *(.dynstr)

.gnu.version
 *(.gnu.version)

.gnu.version_d
 *(.gnu.version_d)

.gnu.version_r
 *(.gnu.version_r)

.rel.init
 *(.rel.init)

.rela.init
 *(.rela.init)

.rel.text
 *(.rel.text)
 *(.rel.text.*)
 *(.rel.gnu.linkonce.t*)

.rela.text
 *(.rela.text)
 *(.rela.text.*)
 *(.rela.gnu.linkonce.t*)

.rel.fini
 *(.rel.fini)

.rela.fini
 *(.rela.fini)

.rel.rodata
 *(.rel.rodata)
 *(.rel.rodata.*)
 *(.rel.gnu.linkonce.r*)

.rela.rodata
 *(.rela.rodata)
 *(.rela.rodata.*)
 *(.rela.gnu.linkonce.r*)

.rel.data
 *(.rel.data)
 *(.rel.data.*)
 *(.rel.gnu.linkonce.d*)

.rela.data
 *(.rela.data)
 *(.rela.data.*)
 *(.rela.gnu.linkonce.d*)

.rel.ctors
 *(.rel.ctors)

.rela.ctors
 *(.rela.ctors)

.rel.dtors
 *(.rel.dtors)

.rela.dtors
 *(.rela.dtors)

.rel.got
 *(.rel.got)

.rela.got
 *(.rela.got)

.rel.bss
 *(.rel.bss)

.rela.bss
 *(.rela.bss)

.rel.plt
 *(.rel.plt)

.rela.plt
 *(.rela.plt)

.text           0x00000000      0x19a
 *(.vectors)
 .vectors       0x00000000       0x16 c:/winavr-20090313/bin/../lib/gcc/avr/4.3.2/../../../../avr/lib/crts2313.o
                0x00000000                __vectors
                0x00000000                __vector_default
 *(.vectors)
 *(.progmem.gcc*)
 .progmem.gcc_sw_table
                0x00000016       0x14 timer_clock.o
 *(.progmem*)
                0x0000002a                . = ALIGN (0x2)
                0x0000002a                __trampolines_start = .
 *(.trampolines)
 .trampolines   0x0000002a        0x0 linker stubs
 *(.trampolines*)
                0x0000002a                __trampolines_end = .
 *(.jumptables)
 *(.jumptables*)
 *(.lowtext)
 *(.lowtext*)
                0x0000002a                __ctors_start = .
 *(.ctors)
                0x0000002a                __ctors_end = .
                0x0000002a                __dtors_start = .
 *(.dtors)
                0x0000002a                __dtors_end = .
 SORT(*)(.ctors)
 SORT(*)(.dtors)
 *(.init0)
 .init0         0x0000002a        0x0 c:/winavr-20090313/bin/../lib/gcc/avr/4.3.2/../../../../avr/lib/crts2313.o
                0x0000002a                __init
 *(.init0)
 *(.init1)
 *(.init1)
 *(.init2)
 .init2         0x0000002a        0x8 c:/winavr-20090313/bin/../lib/gcc/avr/4.3.2/../../../../avr/lib/crts2313.o
 *(.init2)
 *(.init3)
 *(.init3)
 *(.init4)
 .init4         0x00000032       0x18 c:/winavr-20090313/bin/../lib/gcc/avr/4.3.2\libgcc.a(_copy_data.o)
                0x00000032                __do_copy_data
 .init4         0x0000004a       0x10 c:/winavr-20090313/bin/../lib/gcc/avr/4.3.2\libgcc.a(_clear_bss.o)
                0x0000004a                __do_clear_bss
 *(.init4)
 *(.init5)
 *(.init5)
 *(.init6)
 *(.init6)
 *(.init7)
 *(.init7)
 *(.init8)
 *(.init8)
 *(.init9)
 .init9         0x0000005a        0x4 c:/winavr-20090313/bin/../lib/gcc/avr/4.3.2/../../../../avr/lib/crts2313.o
 *(.init9)
 *(.text)
 .text          0x0000005e        0x2 c:/winavr-20090313/bin/../lib/gcc/avr/4.3.2/../../../../avr/lib/crts2313.o
                0x0000005e                __vector_1
                0x0000005e                __bad_interrupt
                0x0000005e                __vector_6
                0x0000005e                __vector_3
                0x0000005e                __vector_7
                0x0000005e                __vector_4
                0x0000005e                __vector_9
                0x0000005e                __vector_2
                0x0000005e                __vector_8
                0x0000005e                __vector_10
 .text          0x00000060      0x136 timer_clock.o
                0x00000136                __vector_5
                0x0000009c                main
                0x00000060                dr
 .text          0x00000196        0x0 c:/winavr-20090313/bin/../lib/gcc/avr/4.3.2\libgcc.a(_exit.o)
 .text          0x00000196        0x0 c:/winavr-20090313/bin/../lib/gcc/avr/4.3.2\libgcc.a(_copy_data.o)
 .text          0x00000196        0x0 c:/winavr-20090313/bin/../lib/gcc/avr/4.3.2\libgcc.a(_clear_bss.o)
                0x00000196                . = ALIGN (0x2)
 *(.text.*)
 .text.libgcc   0x00000196        0x0 c:/winavr-20090313/bin/../lib/gcc/avr/4.3.2\libgcc.a(_exit.o)
 .text.libgcc   0x00000196        0x0 c:/winavr-20090313/bin/../lib/gcc/avr/4.3.2\libgcc.a(_copy_data.o)
 .text.libgcc   0x00000196        0x0 c:/winavr-20090313/bin/../lib/gcc/avr/4.3.2\libgcc.a(_clear_bss.o)
                0x00000196                . = ALIGN (0x2)
 *(.fini9)
 .fini9         0x00000196        0x0 c:/winavr-20090313/bin/../lib/gcc/avr/4.3.2\libgcc.a(_exit.o)
                0x00000196                exit
                0x00000196                _exit
 *(.fini9)
 *(.fini8)
 *(.fini8)
 *(.fini7)
 *(.fini7)
 *(.fini6)
 *(.fini6)
 *(.fini5)
 *(.fini5)
 *(.fini4)
 *(.fini4)
 *(.fini3)
 *(.fini3)
 *(.fini2)
 *(.fini2)
 *(.fini1)
 *(.fini1)
 *(.fini0)
 .fini0         0x00000196        0x4 c:/winavr-20090313/bin/../lib/gcc/avr/4.3.2\libgcc.a(_exit.o)
 *(.fini0)
                0x0000019a                _etext = .

.data           0x00800060        0x0 load address 0x0000019a
                0x00800060                PROVIDE (__data_start, .)
 *(.data)
 .data          0x00800060        0x0 c:/winavr-20090313/bin/../lib/gcc/avr/4.3.2/../../../../avr/lib/crts2313.o
 .data          0x00800060        0x0 timer_clock.o
 .data          0x00800060        0x0 c:/winavr-20090313/bin/../lib/gcc/avr/4.3.2\libgcc.a(_exit.o)
 .data          0x00800060        0x0 c:/winavr-20090313/bin/../lib/gcc/avr/4.3.2\libgcc.a(_copy_data.o)
 .data          0x00800060        0x0 c:/winavr-20090313/bin/../lib/gcc/avr/4.3.2\libgcc.a(_clear_bss.o)
 *(.data*)
 *(.rodata)
 *(.rodata*)
 *(.gnu.linkonce.d*)
                0x00800060                . = ALIGN (0x2)
                0x00800060                _edata = .
                0x00800060                PROVIDE (__data_end, .)

.bss            0x00800060        0x6
                0x00800060                PROVIDE (__bss_start, .)
 *(.bss)
 .bss           0x00800060        0x0 c:/winavr-20090313/bin/../lib/gcc/avr/4.3.2/../../../../avr/lib/crts2313.o
 .bss           0x00800060        0x6 timer_clock.o
                0x00800064                sh
                0x00800065                sl
                0x00800063                ml
                0x00800061                hl
                0x00800060                hh
                0x00800062                mh
 .bss           0x00800066        0x0 c:/winavr-20090313/bin/../lib/gcc/avr/4.3.2\libgcc.a(_exit.o)
 .bss           0x00800066        0x0 c:/winavr-20090313/bin/../lib/gcc/avr/4.3.2\libgcc.a(_copy_data.o)
 .bss           0x00800066        0x0 c:/winavr-20090313/bin/../lib/gcc/avr/4.3.2\libgcc.a(_clear_bss.o)
 *(.bss*)
 *(COMMON)
                0x00800066                PROVIDE (__bss_end, .)
                0x0000019a                __data_load_start = LOADADDR (.data)
                0x0000019a                __data_load_end = (__data_load_start + SIZEOF (.data))

.noinit         0x00800066        0x0
                0x00800066                PROVIDE (__noinit_start, .)
 *(.noinit*)
                0x00800066                PROVIDE (__noinit_end, .)
                0x00800066                _end = .
                0x00800066                PROVIDE (__heap_start, .)

.eeprom         0x00810000        0x0
 *(.eeprom*)
                0x00810000                __eeprom_end = .

.fuse
 *(.fuse)
 *(.lfuse)
 *(.hfuse)
 *(.efuse)

.lock
 *(.lock*)

.signature
 *(.signature*)

.stab
 *(.stab)

.stabstr
 *(.stabstr)

.stab.excl
 *(.stab.excl)

.stab.exclstr
 *(.stab.exclstr)

.stab.index
 *(.stab.index)

.stab.indexstr
 *(.stab.indexstr)

.comment
 *(.comment)

.debug
 *(.debug)

.line
 *(.line)

.debug_srcinfo
 *(.debug_srcinfo)

.debug_sfnames
 *(.debug_sfnames)

.debug_aranges  0x00000000       0x20
 *(.debug_aranges)
 .debug_aranges
                0x00000000       0x20 timer_clock.o

.debug_pubnames
                0x00000000       0x5b
 *(.debug_pubnames)
 .debug_pubnames
                0x00000000       0x5b timer_clock.o

.debug_info     0x00000000      0x122
 *(.debug_info)
 .debug_info    0x00000000      0x122 timer_clock.o
 *(.gnu.linkonce.wi.*)

.debug_abbrev   0x00000000       0x9a
 *(.debug_abbrev)
 .debug_abbrev  0x00000000       0x9a timer_clock.o

.debug_line     0x00000000      0x22d
 *(.debug_line)
 .debug_line    0x00000000      0x22d timer_clock.o

.debug_frame    0x00000000       0x40
 *(.debug_frame)
 .debug_frame   0x00000000       0x40 timer_clock.o

.debug_str      0x00000000       0x94
 *(.debug_str)
 .debug_str     0x00000000       0x94 timer_clock.o
                                 0xc8 (size before relaxing)

.debug_loc      0x00000000       0x33
 *(.debug_loc)
 .debug_loc     0x00000000       0x33 timer_clock.o

.debug_macinfo
 *(.debug_macinfo)
OUTPUT(timer_clock.elf elf32-avr)
LOAD linker stubs

Cross Reference Table

Symbol                                            File
__bad_interrupt                                   c:/winavr-20090313/bin/../lib/gcc/avr/4.3.2/../../../../avr/lib/crts2313.o
__bss_end                                         c:/winavr-20090313/bin/../lib/gcc/avr/4.3.2\libgcc.a(_clear_bss.o)
__bss_start                                       c:/winavr-20090313/bin/../lib/gcc/avr/4.3.2\libgcc.a(_clear_bss.o)
__data_end                                        c:/winavr-20090313/bin/../lib/gcc/avr/4.3.2\libgcc.a(_copy_data.o)
__data_load_start                                 c:/winavr-20090313/bin/../lib/gcc/avr/4.3.2\libgcc.a(_copy_data.o)
__data_start                                      c:/winavr-20090313/bin/../lib/gcc/avr/4.3.2\libgcc.a(_copy_data.o)
__do_clear_bss                                    c:/winavr-20090313/bin/../lib/gcc/avr/4.3.2\libgcc.a(_clear_bss.o)
                                                  timer_clock.o
__do_copy_data                                    c:/winavr-20090313/bin/../lib/gcc/avr/4.3.2\libgcc.a(_copy_data.o)
                                                  timer_clock.o
__heap_end                                        c:/winavr-20090313/bin/../lib/gcc/avr/4.3.2/../../../../avr/lib/crts2313.o
__init                                            c:/winavr-20090313/bin/../lib/gcc/avr/4.3.2/../../../../avr/lib/crts2313.o
__stack                                           c:/winavr-20090313/bin/../lib/gcc/avr/4.3.2/../../../../avr/lib/crts2313.o
__vector_1                                        c:/winavr-20090313/bin/../lib/gcc/avr/4.3.2/../../../../avr/lib/crts2313.o
__vector_10                                       c:/winavr-20090313/bin/../lib/gcc/avr/4.3.2/../../../../avr/lib/crts2313.o
__vector_2                                        c:/winavr-20090313/bin/../lib/gcc/avr/4.3.2/../../../../avr/lib/crts2313.o
__vector_3                                        c:/winavr-20090313/bin/../lib/gcc/avr/4.3.2/../../../../avr/lib/crts2313.o
__vector_4                                        c:/winavr-20090313/bin/../lib/gcc/avr/4.3.2/../../../../avr/lib/crts2313.o
__vector_5                                        timer_clock.o
                                                  c:/winavr-20090313/bin/../lib/gcc/avr/4.3.2/../../../../avr/lib/crts2313.o
__vector_6                                        c:/winavr-20090313/bin/../lib/gcc/avr/4.3.2/../../../../avr/lib/crts2313.o
__vector_7                                        c:/winavr-20090313/bin/../lib/gcc/avr/4.3.2/../../../../avr/lib/crts2313.o
__vector_8                                        c:/winavr-20090313/bin/../lib/gcc/avr/4.3.2/../../../../avr/lib/crts2313.o
__vector_9                                        c:/winavr-20090313/bin/../lib/gcc/avr/4.3.2/../../../../avr/lib/crts2313.o
__vector_default                                  c:/winavr-20090313/bin/../lib/gcc/avr/4.3.2/../../../../avr/lib/crts2313.o
__vectors                                         c:/winavr-20090313/bin/../lib/gcc/avr/4.3.2/../../../../avr/lib/crts2313.o
_exit                                             c:/winavr-20090313/bin/../lib/gcc/avr/4.3.2\libgcc.a(_exit.o)
dr                                                timer_clock.o
exit                                              c:/winavr-20090313/bin/../lib/gcc/avr/4.3.2\libgcc.a(_exit.o)
                                                  c:/winavr-20090313/bin/../lib/gcc/avr/4.3.2/../../../../avr/lib/crts2313.o
hh                                                timer_clock.o
hl                                                timer_clock.o
main                                              timer_clock.o
                                                  c:/winavr-20090313/bin/../lib/gcc/avr/4.3.2/../../../../avr/lib/crts2313.o
mh                                                timer_clock.o
ml                                                timer_clock.o
sh                                                timer_clock.o
sl                                                timer_clock.o
