MPLINK 4.20, Linker
Linker Map File - Created Fri May 08 20:04:47 2009

                                 Section Info
                  Section       Type    Address   Location Size(Bytes)
                ---------  ---------  ---------  ---------  ---------
             RESET_VECTOR       code   0x000000    program   0x000002
                   .cinit    romdata   0x000001    program   0x000004
                      ISR       code   0x000004    program   0x000034
             MAIN_PROGRAM       code   0x00001e    program   0x000014
                  .config       code   0x002007    program   0x000002



                              Program Memory Usage 
                               Start         End      
                           ---------   ---------      
                            0x000000    0x000002      
                            0x000004    0x000027      
                            0x002007    0x002007      
            40 out of 1093 program addresses used, program memory utilization is 3%



                              Symbols - Sorted by Name
                     Name    Address   Location    Storage File                     
                ---------  ---------  ---------  --------- ---------                
                Interrupt   0x000004    program     static E:\MPS 2.2.0 (PIC16F84A)\AnaliserPlugIns\PIC16F84\examples\ctrl_blink_led\code\ctrl_blink_led.asm
       _MAIN_PROGRAM_0009   0x000027    program     static E:\MPS 2.2.0 (PIC16F84A)\AnaliserPlugIns\PIC16F84\examples\ctrl_blink_led\code\ctrl_blink_led.asm
                  end_isr   0x000019    program     static E:\MPS 2.2.0 (PIC16F84A)\AnaliserPlugIns\PIC16F84\examples\ctrl_blink_led\code\ctrl_blink_led.asm
              out_to_port   0x000015    program     static E:\MPS 2.2.0 (PIC16F84A)\AnaliserPlugIns\PIC16F84\examples\ctrl_blink_led\code\ctrl_blink_led.asm
                   rright   0x000012    program     static E:\MPS 2.2.0 (PIC16F84A)\AnaliserPlugIns\PIC16F84\examples\ctrl_blink_led\code\ctrl_blink_led.asm
                    start   0x00001e    program     static E:\MPS 2.2.0 (PIC16F84A)\AnaliserPlugIns\PIC16F84\examples\ctrl_blink_led\code\ctrl_blink_led.asm



                              Symbols - Sorted by Address
                     Name    Address   Location    Storage File                     
                ---------  ---------  ---------  --------- ---------                
                Interrupt   0x000004    program     static E:\MPS 2.2.0 (PIC16F84A)\AnaliserPlugIns\PIC16F84\examples\ctrl_blink_led\code\ctrl_blink_led.asm
                   rright   0x000012    program     static E:\MPS 2.2.0 (PIC16F84A)\AnaliserPlugIns\PIC16F84\examples\ctrl_blink_led\code\ctrl_blink_led.asm
              out_to_port   0x000015    program     static E:\MPS 2.2.0 (PIC16F84A)\AnaliserPlugIns\PIC16F84\examples\ctrl_blink_led\code\ctrl_blink_led.asm
                  end_isr   0x000019    program     static E:\MPS 2.2.0 (PIC16F84A)\AnaliserPlugIns\PIC16F84\examples\ctrl_blink_led\code\ctrl_blink_led.asm
                    start   0x00001e    program     static E:\MPS 2.2.0 (PIC16F84A)\AnaliserPlugIns\PIC16F84\examples\ctrl_blink_led\code\ctrl_blink_led.asm
       _MAIN_PROGRAM_0009   0x000027    program     static E:\MPS 2.2.0 (PIC16F84A)\AnaliserPlugIns\PIC16F84\examples\ctrl_blink_led\code\ctrl_blink_led.asm


